09-Apr-2026 12:29:24.736 WARNING [main] org.apache.tomcat.util.digester.SetPropertiesRule.begin Match [Server/Service/Connector] failed to set property [compressableMimeType] to [text/html,text/xml]
09-Apr-2026 12:29:24.752 WARNING [main] org.apache.tomcat.util.digester.SetPropertiesRule.begin Match [Server/Service/Connector] failed to set property [maxSpareThreads] to [75]
09-Apr-2026 12:29:24.799 INFO [main] org.apache.catalina.startup.VersionLoggerListener.log Server version name:   Apache Tomcat/9.0.93
09-Apr-2026 12:29:24.799 INFO [main] org.apache.catalina.startup.VersionLoggerListener.log Server built:          Aug 2 2024 21:24:59 UTC
09-Apr-2026 12:29:24.799 INFO [main] org.apache.catalina.startup.VersionLoggerListener.log Server version number: 9.0.93.0
09-Apr-2026 12:29:24.799 INFO [main] org.apache.catalina.startup.VersionLoggerListener.log OS Name:               Windows Server 2008 R2
09-Apr-2026 12:29:24.799 INFO [main] org.apache.catalina.startup.VersionLoggerListener.log OS Version:            6.1
09-Apr-2026 12:29:24.799 INFO [main] org.apache.catalina.startup.VersionLoggerListener.log Architecture:          amd64
09-Apr-2026 12:29:24.799 INFO [main] org.apache.catalina.startup.VersionLoggerListener.log Java Home:             E:\agrosystem\AMBIENTE_V2\jdk-11.0.23
09-Apr-2026 12:29:24.799 INFO [main] org.apache.catalina.startup.VersionLoggerListener.log JVM Version:           11.0.23+7-LTS-222
09-Apr-2026 12:29:24.799 INFO [main] org.apache.catalina.startup.VersionLoggerListener.log JVM Vendor:            Oracle Corporation
09-Apr-2026 12:29:24.799 INFO [main] org.apache.catalina.startup.VersionLoggerListener.log CATALINA_BASE:         E:\agrosystem\AMBIENTE_V2\apache-tomcat-9.0.93
09-Apr-2026 12:29:24.799 INFO [main] org.apache.catalina.startup.VersionLoggerListener.log CATALINA_HOME:         E:\agrosystem\AMBIENTE_V2\apache-tomcat-9.0.93
09-Apr-2026 12:29:24.799 INFO [main] org.apache.catalina.startup.VersionLoggerListener.log Command line argument: -Dcatalina.home=E:\agrosystem\AMBIENTE_V2\apache-tomcat-9.0.93
09-Apr-2026 12:29:24.799 INFO [main] org.apache.catalina.startup.VersionLoggerListener.log Command line argument: -Dcatalina.base=E:\agrosystem\AMBIENTE_V2\apache-tomcat-9.0.93
09-Apr-2026 12:29:24.799 INFO [main] org.apache.catalina.startup.VersionLoggerListener.log Command line argument: -Dignore.endorsed.dirs=E:\agrosystem\AMBIENTE_V2\apache-tomcat-9.0.93\endorsed
09-Apr-2026 12:29:24.799 INFO [main] org.apache.catalina.startup.VersionLoggerListener.log Command line argument: -Djava.io.tmpdir=E:\agrosystem\AMBIENTE_V2\apache-tomcat-9.0.93\temp
09-Apr-2026 12:29:24.799 INFO [main] org.apache.catalina.startup.VersionLoggerListener.log Command line argument: -Djava.util.logging.manager=org.apache.juli.ClassLoaderLogManager
09-Apr-2026 12:29:24.799 INFO [main] org.apache.catalina.startup.VersionLoggerListener.log Command line argument: -Djava.util.logging.config.file=E:\agrosystem\AMBIENTE_V2\apache-tomcat-9.0.93\conf\logging.properties
09-Apr-2026 12:29:24.799 INFO [main] org.apache.catalina.startup.VersionLoggerListener.log Command line argument: -Xms4096m
09-Apr-2026 12:29:24.799 INFO [main] org.apache.catalina.startup.VersionLoggerListener.log Command line argument: -Xmx4096m
09-Apr-2026 12:29:24.799 INFO [main] org.apache.catalina.startup.VersionLoggerListener.log Command line argument: -Xss512k
09-Apr-2026 12:29:24.799 INFO [main] org.apache.catalina.startup.VersionLoggerListener.log Command line argument: -XX:NewSize=1024M
09-Apr-2026 12:29:24.799 INFO [main] org.apache.catalina.startup.VersionLoggerListener.log Command line argument: -XX:MaxNewSize=1024M
09-Apr-2026 12:29:24.799 INFO [main] org.apache.catalina.startup.VersionLoggerListener.log Command line argument: --add-opens=java.base/java.lang=ALL-UNNAMED
09-Apr-2026 12:29:24.799 INFO [main] org.apache.catalina.startup.VersionLoggerListener.log Command line argument: --add-opens=java.base/java.io=ALL-UNNAMED
09-Apr-2026 12:29:24.799 INFO [main] org.apache.catalina.startup.VersionLoggerListener.log Command line argument: --add-opens=java.base/java.util=ALL-UNNAMED
09-Apr-2026 12:29:24.799 INFO [main] org.apache.catalina.startup.VersionLoggerListener.log Command line argument: --add-opens=java.base/java.util.concurrent=ALL-UNNAMED
09-Apr-2026 12:29:24.799 INFO [main] org.apache.catalina.startup.VersionLoggerListener.log Command line argument: --add-opens=java.rmi/sun.rmi.transport=ALL-UNNAMED
09-Apr-2026 12:29:24.799 INFO [main] org.apache.catalina.startup.VersionLoggerListener.log Command line argument: exit
09-Apr-2026 12:29:24.799 INFO [main] org.apache.catalina.startup.VersionLoggerListener.log Command line argument: abort
09-Apr-2026 12:29:24.799 INFO [main] org.apache.catalina.startup.VersionLoggerListener.log Command line argument: -Xms4096m
09-Apr-2026 12:29:24.799 INFO [main] org.apache.catalina.startup.VersionLoggerListener.log Command line argument: -Xmx4096m
09-Apr-2026 12:29:24.814 INFO [main] org.apache.catalina.core.AprLifecycleListener.lifecycleEvent Loaded Apache Tomcat Native library [1.3.1] using APR version [1.7.4].
09-Apr-2026 12:29:24.814 INFO [main] org.apache.catalina.core.AprLifecycleListener.lifecycleEvent APR capabilities: IPv6 [true], sendfile [true], accept filters [false], random [true], UDS [true].
09-Apr-2026 12:29:24.814 INFO [main] org.apache.catalina.core.AprLifecycleListener.lifecycleEvent APR/OpenSSL configuration: useAprConnector [false], useOpenSSL [true]
09-Apr-2026 12:29:24.830 INFO [main] org.apache.catalina.core.AprLifecycleListener.initializeSSL OpenSSL successfully initialized [OpenSSL 3.0.14 4 Jun 2024]
09-Apr-2026 12:29:25.126 INFO [main] org.apache.coyote.AbstractProtocol.init Initializing ProtocolHandler ["http-nio-8080"]
09-Apr-2026 12:29:25.158 INFO [main] org.apache.catalina.startup.Catalina.load Server initialization in [632] milliseconds
09-Apr-2026 12:29:25.204 INFO [main] org.apache.catalina.core.StandardService.startInternal Starting service [Catalina]
09-Apr-2026 12:29:25.204 INFO [main] org.apache.catalina.core.StandardEngine.startInternal Starting Servlet engine: [Apache Tomcat/9.0.93]
09-Apr-2026 12:29:25.220 INFO [main] org.apache.catalina.startup.HostConfig.deployWAR Deploying web application archive [E:\agrosystem\AMBIENTE_V2\apache-tomcat-9.0.93\webapps\batch-dump-database.war]
09-Apr-2026 12:29:27.201 INFO [main] org.apache.jasper.servlet.TldScanner.scanJars At least one JAR was scanned for TLDs yet contained no TLDs. Enable debug logging for this logger for a complete list of JARs that were scanned but no TLDs were found in them. Skipping unneeded JARs during scanning can improve startup time and JSP compilation time.
09-Apr-2026 12:29:36.748 INFO [main] org.apache.catalina.startup.HostConfig.deployWAR Deployment of web application archive [E:\agrosystem\AMBIENTE_V2\apache-tomcat-9.0.93\webapps\batch-dump-database.war] has finished in [11.528] ms
09-Apr-2026 12:29:36.780 INFO [main] org.apache.catalina.startup.HostConfig.deployWAR Deploying web application archive [E:\agrosystem\AMBIENTE_V2\apache-tomcat-9.0.93\webapps\esafra.war]
09-Apr-2026 12:29:40.461 INFO [main] org.apache.jasper.servlet.TldScanner.scanJars At least one JAR was scanned for TLDs yet contained no TLDs. Enable debug logging for this logger for a complete list of JARs that were scanned but no TLDs were found in them. Skipping unneeded JARs during scanning can improve startup time and JSP compilation time.
Warning: Nashorn engine is planned to be removed from a future JDK release
log4j:WARN No appenders could be found for logger (org.apache.struts.util.PropertyMessageResources).
log4j:WARN Please initialize the log4j system properly.
09-Apr-2026 12:29:41.647 INFO [main] org.apache.catalina.startup.HostConfig.deployWAR Deployment of web application archive [E:\agrosystem\AMBIENTE_V2\apache-tomcat-9.0.93\webapps\esafra.war] has finished in [4.867] ms
09-Apr-2026 12:29:41.647 INFO [main] org.apache.catalina.startup.HostConfig.deployWAR Deploying web application archive [E:\agrosystem\AMBIENTE_V2\apache-tomcat-9.0.93\webapps\sendmail.war]
09-Apr-2026 12:29:42.926 INFO [main] org.apache.jasper.servlet.TldScanner.scanJars At least one JAR was scanned for TLDs yet contained no TLDs. Enable debug logging for this logger for a complete list of JARs that were scanned but no TLDs were found in them. Skipping unneeded JARs during scanning can improve startup time and JSP compilation time.
09-Apr-2026 12:29:46.623 INFO [main] org.apache.catalina.startup.HostConfig.deployWAR Deployment of web application archive [E:\agrosystem\AMBIENTE_V2\apache-tomcat-9.0.93\webapps\sendmail.war] has finished in [4.976] ms
09-Apr-2026 12:29:46.639 INFO [main] org.apache.catalina.startup.HostConfig.deployDirectory Diretório de instalação da aplicação web [E:\agrosystem\AMBIENTE_V2\apache-tomcat-9.0.93\webapps\docs]
09-Apr-2026 12:29:46.670 INFO [main] org.apache.jasper.servlet.TldScanner.scanJars At least one JAR was scanned for TLDs yet contained no TLDs. Enable debug logging for this logger for a complete list of JARs that were scanned but no TLDs were found in them. Skipping unneeded JARs during scanning can improve startup time and JSP compilation time.
09-Apr-2026 12:29:46.670 INFO [main] org.apache.catalina.startup.HostConfig.deployDirectory Deployment of web application directory [E:\agrosystem\AMBIENTE_V2\apache-tomcat-9.0.93\webapps\docs] has finished in [31] ms
09-Apr-2026 12:29:46.670 INFO [main] org.apache.catalina.startup.HostConfig.deployDirectory Diretório de instalação da aplicação web [E:\agrosystem\AMBIENTE_V2\apache-tomcat-9.0.93\webapps\examples]
09-Apr-2026 12:29:46.795 INFO [main] org.apache.jasper.servlet.TldScanner.scanJars At least one JAR was scanned for TLDs yet contained no TLDs. Enable debug logging for this logger for a complete list of JARs that were scanned but no TLDs were found in them. Skipping unneeded JARs during scanning can improve startup time and JSP compilation time.
09-Apr-2026 12:29:46.826 INFO [main] org.apache.catalina.startup.HostConfig.deployDirectory Deployment of web application directory [E:\agrosystem\AMBIENTE_V2\apache-tomcat-9.0.93\webapps\examples] has finished in [156] ms
09-Apr-2026 12:29:46.826 INFO [main] org.apache.catalina.startup.HostConfig.deployDirectory Diretório de instalação da aplicação web [E:\agrosystem\AMBIENTE_V2\apache-tomcat-9.0.93\webapps\host-manager]
09-Apr-2026 12:29:46.857 INFO [main] org.apache.jasper.servlet.TldScanner.scanJars At least one JAR was scanned for TLDs yet contained no TLDs. Enable debug logging for this logger for a complete list of JARs that were scanned but no TLDs were found in them. Skipping unneeded JARs during scanning can improve startup time and JSP compilation time.
09-Apr-2026 12:29:46.873 INFO [main] org.apache.catalina.startup.HostConfig.deployDirectory Deployment of web application directory [E:\agrosystem\AMBIENTE_V2\apache-tomcat-9.0.93\webapps\host-manager] has finished in [47] ms
09-Apr-2026 12:29:46.873 INFO [main] org.apache.catalina.startup.HostConfig.deployDirectory Diretório de instalação da aplicação web [E:\agrosystem\AMBIENTE_V2\apache-tomcat-9.0.93\webapps\manager]
09-Apr-2026 12:29:46.888 INFO [main] org.apache.jasper.servlet.TldScanner.scanJars At least one JAR was scanned for TLDs yet contained no TLDs. Enable debug logging for this logger for a complete list of JARs that were scanned but no TLDs were found in them. Skipping unneeded JARs during scanning can improve startup time and JSP compilation time.
09-Apr-2026 12:29:46.904 INFO [main] org.apache.catalina.startup.HostConfig.deployDirectory Deployment of web application directory [E:\agrosystem\AMBIENTE_V2\apache-tomcat-9.0.93\webapps\manager] has finished in [31] ms
09-Apr-2026 12:29:46.904 INFO [main] org.apache.catalina.startup.HostConfig.deployDirectory Diretório de instalação da aplicação web [E:\agrosystem\AMBIENTE_V2\apache-tomcat-9.0.93\webapps\ROOT]
09-Apr-2026 12:29:46.920 INFO [main] org.apache.jasper.servlet.TldScanner.scanJars At least one JAR was scanned for TLDs yet contained no TLDs. Enable debug logging for this logger for a complete list of JARs that were scanned but no TLDs were found in them. Skipping unneeded JARs during scanning can improve startup time and JSP compilation time.
09-Apr-2026 12:29:46.920 INFO [main] org.apache.catalina.startup.HostConfig.deployDirectory Deployment of web application directory [E:\agrosystem\AMBIENTE_V2\apache-tomcat-9.0.93\webapps\ROOT] has finished in [16] ms
09-Apr-2026 12:29:46.920 INFO [main] org.apache.coyote.AbstractProtocol.start Starting ProtocolHandler ["http-nio-8080"]
09-Apr-2026 12:29:46.951 INFO [main] org.apache.catalina.startup.Catalina.start Server startup in [21787] milliseconds
SLF4J: Failed to load class "org.slf4j.impl.StaticLoggerBinder".
SLF4J: Defaulting to no-operation (NOP) logger implementation
SLF4J: See http://www.slf4j.org/codes.html#StaticLoggerBinder for further details.
MLog initialization issue: slf4j found no binding or threatened to use its (dangerously silent) NOPLogger. We consider the slf4j library not found.
09-Apr-2026 12:30:57.584 INFO [Catalina-utility-1] org.apache.catalina.startup.HostConfig.undeploy Undeploying context [/batch-dump-database]
09-Apr-2026 12:30:57.631 INFO [Catalina-utility-1] org.apache.catalina.startup.HostConfig.deployWAR Deploying web application archive [E:\agrosystem\AMBIENTE_V2\apache-tomcat-9.0.93\webapps\batch-dump-database.war]
09-Apr-2026 12:30:59.612 INFO [Catalina-utility-1] org.apache.jasper.servlet.TldScanner.scanJars At least one JAR was scanned for TLDs yet contained no TLDs. Enable debug logging for this logger for a complete list of JARs that were scanned but no TLDs were found in them. Skipping unneeded JARs during scanning can improve startup time and JSP compilation time.
09-Apr-2026 12:31:08.005 INFO [Catalina-utility-1] org.apache.catalina.startup.HostConfig.deployWAR Deployment of web application archive [E:\agrosystem\AMBIENTE_V2\apache-tomcat-9.0.93\webapps\batch-dump-database.war] has finished in [10.374] ms
09-Apr-2026 12:31:38.050 INFO [Catalina-utility-1] org.apache.catalina.startup.HostConfig.undeploy Undeploying context [/batch-dump-database]
